
> supertv-player@1.0.0 build
> vite build

[33mThe CJS build of Vite's Node API is deprecated. See https://vite.dev/guide/troubleshooting.html#vite-cjs-node-api-deprecated for more details.[39m
vite v6.4.1 building for production...
transforming...
✓ 10 modules transformed.
rendering chunks...
computing gzip size...
dist/index.html                  20.17 kB │ gzip:   3.95 kB
dist/assets/index-BqML1_dg.css   23.92 kB │ gzip:   4.98 kB
dist/assets/index-D7CLEDvX.js   602.25 kB │ gzip: 180.76 kB │ map: 2,253.48 kB

(!) Some chunks are larger than 500 kB after minification. Consider:
- Using dynamic import() to code-split the application
- Use build.rollupOptions.output.manualChunks to improve chunking: https://rollupjs.org/configuration-options/#output-manualchunks
- Adjust chunk size limit for this warning via build.chunkSizeWarningLimit.
✓ built in 1.71s
